// Jest Snapshot v1, https://goo.gl/fbAQLP

exports[`<App /> Should component match snapshot 1`] = `
<div
  className="container"
>
  <div
    className="box"
  >
    <Success />
  </div>
</div>
`;
